// Jest Snapshot v1, https://goo.gl/fbAQLP

exports[`SupplySummary Snapshot 1`] = `
<body>
  <div>
    <div
      class="re975l-7 JPStL"
    >
      <h2>
        Current Staking Rewards
      </h2>
      <div
        class="re975l-5 dqaFMD"
      >
        <div
          class="re975l-6 jnaSZR"
        >
          <span
            class="re975l-2 bQJvIN"
          >
            1
            %
          </span>
          <label>
            Stakers APY
          </label>
        </div>
        <div
          class="re975l-6 jnaSZR"
        >
          <span
            class="re975l-2 bQJvIN"
          >
            %
          </span>
          <label>
            Creators APY
          </label>
          <a
            href="https://docs.devprtcl.com/protocol/tokenomics"
            rel="noopener noreferrer"
            target="_blank"
          >
            Learn more
          </a>
        </div>
        <div
          class="re975l-6 jnaSZR"
        >
          <span
            class="re975l-2 bQJvIN"
          >
            1
            %
          </span>
          <label>
            DEV ASG
          </label>
        </div>
      </div>
      <hr
        color="lightgrey"
      />
    </div>
  </div>
</body>
`;
