// Jest Snapshot v1, https://goo.gl/fbAQLP

exports[`Avatar Snapshot 1`] = `
<body>
  <div>
    <div
      class="sc-2tazhb-0 xkRoZ"
    >
      <img
        alt="avatar"
        src="http://dummy.org"
        style="height: 20px; width: 20px;"
      />
    </div>
  </div>
</body>
`;
