// Jest Snapshot v1, https://goo.gl/fbAQLP

exports[`TransactionForm Snapshot 1`] = `
<body>
  <div>
    <div
      class="sc-1e3xeyk-0 dFAruq"
    >
      <div
        class="sc-1xz1jp7-0"
      >
        <p>
          Withdraw 
          Stakers
           Reward
        </p>
        <div
          class="sc-1xz1jp7-1 gMLLA-D"
        >
          <div
            class="sc-1xz1jp7-2 clypbP"
          >
            5000
             DEV
          </div>
          <button
            class="ant-btn ant-btn-primary ant-btn-lg"
            type="button"
          >
            <span>
              Withdraw
            </span>
          </button>
        </div>
      </div>
      <div
        class="sc-1xz1jp7-0"
      >
        <p>
          Withdraw 
          Creators
           Reward
        </p>
        <div
          class="sc-1xz1jp7-1 gMLLA-D"
        >
          <div
            class="sc-1xz1jp7-2 clypbP"
          >
            6000
             DEV
          </div>
          <button
            class="ant-btn ant-btn-primary ant-btn-lg"
            type="button"
          >
            <span>
              Withdraw
            </span>
          </button>
        </div>
      </div>
    </div>
  </div>
</body>
`;
