// Jest Snapshot v1, https://goo.gl/fbAQLP

exports[`TransactModalContents Snapshot 1`] = `
<body>
  <div>
    <div
      class="sc-qs0k37-0 eTXctg"
    >
      <div
        class="sc-qs0k37-1 dwoznl"
      >
        <div
          class="sc-2tazhb-0 aYXdp"
        >
          <div
            class="sc-2tazhb-1 bJavvr"
            size="60"
          />
        </div>
        <h4
          class="sc-1w8sy4l-3 sc-qs0k37-3 cBCfKG kRSoSj"
        >
          0x0-name
        </h4>
        <span
          class="sc-qs0k37-4 gFUgyd"
        >
          0x0
        </span>
      </div>
      <div
        class="sc-89297o-0 jMpWCU"
      >
        <div
          class="sc-1d8aayd-1 goPEkP"
          style="opacity: 1;"
        >
          <span
            class="ant-input-group-wrapper ant-input-group-wrapper-lg ant-input-search ant-input-search-large ant-input-search-with-button sc-1d8aayd-0 dqaTyQ"
          >
            <span
              class="ant-input-wrapper ant-input-group"
            >
              <span
                class="ant-input-affix-wrapper ant-input-affix-wrapper-lg"
              >
                <input
                  class="ant-input ant-input-lg"
                  id="stake"
                  type="number"
                  value=""
                />
                <span
                  class="ant-input-suffix"
                >
                  <button
                    class="sc-1ttu0x8-0 hbciLP"
                  >
                    DEV
                  </button>
                </span>
              </span>
              <span
                class="ant-input-group-addon"
              >
                <button
                  class="ant-btn ant-btn-primary ant-btn-lg ant-input-search-button"
                  type="button"
                >
                  <span>
                    Stake
                  </span>
                </button>
              </span>
            </span>
          </span>
        </div>
        <div
          style="height: 40px;"
        />
        <div
          class="ant-card ant-card-bordered ant-card-small sc-18v7ikh-0 eaHhNQ"
        >
          <div
            class="ant-card-head"
          >
            <div
              class="ant-card-head-wrapper"
            >
              <div
                class="ant-card-head-title"
              >
                Gas Fee (predicted)
              </div>
            </div>
          </div>
          <div
            class="ant-card-body"
          >
            <p>
              0.003345
               ETH
              <span
                class="sc-18v7ikh-1 kUJdSB"
              >
                 $0.00
              </span>
            </p>
          </div>
        </div>
      </div>
    </div>
  </div>
</body>
`;
