// Jest Snapshot v1, https://goo.gl/fbAQLP

exports[`Stats Snapshot 1`] = `
<body>
  <div>
    <div
      class="rvt3gy-0 dhXBJV"
    >
      <div
        class="ant-statistic"
      >
        <div
          class="ant-statistic-title"
        >
          APM
        </div>
        <div
          class="ant-statistic-content"
        >
          <span
            class="ant-statistic-content-value"
          >
            <span
              class="ant-statistic-content-value-int"
            >
              
              2,592
            </span>
            
          </span>
          <span
            class="ant-statistic-content-suffix"
          >
            %
            <span
              aria-label="info-circle"
              class="anticon anticon-info-circle rvt3gy-1 jtjXgt"
              role="img"
            >
              <svg
                aria-hidden="true"
                class=""
                data-icon="info-circle"
                fill="currentColor"
                focusable="false"
                height="1em"
                viewBox="64 64 896 896"
                width="1em"
              >
                <path
                  d="M512 64C264.6 64 64 264.6 64 512s200.6 448 448 448 448-200.6 448-448S759.4 64 512 64zm0 820c-205.4 0-372-166.6-372-372s166.6-372 372-372 372 166.6 372 372-166.6 372-372 372z"
                />
                <path
                  d="M464 336a48 48 0 1096 0 48 48 0 10-96 0zm72 112h-48c-4.4 0-8 3.6-8 8v272c0 4.4 3.6 8 8 8h48c4.4 0 8-3.6 8-8V456c0-4.4-3.6-8-8-8z"
                />
              </svg>
            </span>
          </span>
        </div>
      </div>
      <div
        class="ant-statistic"
      >
        <div
          class="ant-statistic-title"
        >
          Total deposits
        </div>
        <div
          class="ant-statistic-content"
        >
          <span
            class="ant-statistic-content-value"
          >
            1e-13
          </span>
          <span
            class="ant-statistic-content-suffix"
          >
            USD
          </span>
        </div>
      </div>
      <div
        class="ant-statistic"
      >
        <div
          class="ant-statistic-title"
        >
          Total rewards
        </div>
        <div
          class="ant-statistic-content"
        >
          <span
            class="ant-statistic-content-value"
          >
            1e-13
          </span>
          <span
            class="ant-statistic-content-suffix"
          >
            DEV
          </span>
        </div>
      </div>
      <div
        class="ant-statistic"
      >
        <div
          class="ant-statistic-title"
        >
          Locked rewards
        </div>
        <div
          class="ant-statistic-content"
        >
          <span
            class="ant-statistic-content-value"
          >
            <span
              class="ant-statistic-content-value-int"
            >
              
              0
            </span>
            
          </span>
          <span
            class="ant-statistic-content-suffix"
          >
            DEV
          </span>
        </div>
      </div>
      <div
        class="ant-statistic"
      >
        <div
          class="ant-statistic-title"
        >
          Unlocked rewards
        </div>
        <div
          class="ant-statistic-content"
        >
          <span
            class="ant-statistic-content-value"
          >
            <span
              class="ant-statistic-content-value-int"
            >
              
              0
            </span>
            
          </span>
          <span
            class="ant-statistic-content-suffix"
          >
            DEV
          </span>
        </div>
      </div>
      <div
        class="ant-statistic"
      >
        <div
          class="ant-statistic-title"
        >
          End of the Program
        </div>
        <div
          class="ant-statistic-content"
        >
          <span
            class="ant-statistic-content-value"
          >
            1/2/1970
          </span>
        </div>
      </div>
    </div>
  </div>
</body>
`;
